Information: Updating design information... (UID-85)
Warning: Design 'ecc_engine_top' contains 2 high-fanout nets. A fanout number of 1000 will be used for delay calculations involving these nets. (TIM-134)
 
****************************************
Report : qor
Design : ecc_engine_top
Version: V-2023.12-SP1
Date   : Mon Mar  2 11:37:44 2026
****************************************


  Timing Path Group 'clk'
  -----------------------------------
  Levels of Logic:              47.00
  Critical Path Length:          1.96
  Critical Path Slack:           0.00
  Critical Path Clk Period:      2.00
  Total Negative Slack:          0.00
  No. of Violating Paths:        0.00
  Worst Hold Violation:          0.00
  Total Hold Violation:          0.00
  No. of Hold Violations:        0.00
  -----------------------------------


  Cell Count
  -----------------------------------
  Hierarchical Cell Count:          0
  Hierarchical Port Count:          0
  Leaf Cell Count:              26790
  Buf/Inv Cell Count:            2961
  Buf Cell Count:                  40
  Inv Cell Count:                2921
  CT Buf/Inv Cell Count:            0
  Combinational Cell Count:     24229
  Sequential Cell Count:         2561
  Macro Count:                      0
  -----------------------------------


  Area
  -----------------------------------
  Combinational Area:    30071.831784
  Noncombinational Area: 13625.318439
  Buf/Inv Area:           1669.682013
  Total Buffer Area:            54.53
  Total Inverter Area:        1615.15
  Macro/Black Box Area:      0.000000
  Net Area:                  0.000000
  -----------------------------------
  Cell Area:             43697.150224
  Design Area:           43697.150224


  Design Rules
  -----------------------------------
  Total Number of Nets:         28338
  Nets With Violations:             1
  Max Trans Violations:             0
  Max Cap Violations:               1
  -----------------------------------


  Hostname: n01-zeus.olympus.ece.tamu.edu

  Compile CPU Statistics
  -----------------------------------------
  Resource Sharing:                 1211.30
  Logic Optimization:                 90.63
  Mapping Optimization:               56.25
  -----------------------------------------
  Overall Compile Time:             2235.95
  Overall Compile Wall Clock Time:  2383.68

  --------------------------------------------------------------------

  Design  WNS: 0.00  TNS: 0.00  Number of Violating Paths: 0


  Design (Hold)  WNS: 0.00  TNS: 0.00  Number of Violating Paths: 0

  --------------------------------------------------------------------


1
