#-----------------------------------------------------------
# Vivado v2023.1 (64-bit)
# SW Build 3865809 on Sun May  7 15:04:56 MDT 2023
# IP Build 3864474 on Sun May  7 20:36:21 MDT 2023
# SharedData Build 3865790 on Sun May 07 13:33:03 MDT 2023
# Start of session at: Fri Jan  9 14:35:07 2026
# Process ID: 690451
# Current directory: /home/grads/b/bhushan_123/thesis_project
# Command line: vivado
# Log file: /home/grads/b/bhushan_123/thesis_project/vivado.log
# Journal file: /home/grads/b/bhushan_123/thesis_project/vivado.jou
# Running On: n01-zeus.olympus.ece.tamu.edu, OS: Linux, CPU Frequency: 3193.874 MHz, CPU Physical cores: 1, Host memory: 1081925 MB
#-----------------------------------------------------------
start_gui
create_project ECC_1bit /home/grads/b/bhushan_123/thesis_project/ECC_1bit -part xc7z010clg400-1
file mkdir /home/grads/b/bhushan_123/thesis_project/ECC_1bit/ECC_1bit.srcs/sources_1/new
close [ open /home/grads/b/bhushan_123/thesis_project/ECC_1bit/ECC_1bit.srcs/sources_1/new/gf_mul_16.sv w ]
add_files /home/grads/b/bhushan_123/thesis_project/ECC_1bit/ECC_1bit.srcs/sources_1/new/gf_mul_16.sv
close [ open /home/grads/b/bhushan_123/thesis_project/ECC_1bit/ECC_1bit.srcs/sources_1/new/rs_decoder.sv w ]
add_files /home/grads/b/bhushan_123/thesis_project/ECC_1bit/ECC_1bit.srcs/sources_1/new/rs_decoder.sv
close [ open /home/grads/b/bhushan_123/thesis_project/ECC_1bit/ECC_1bit.srcs/sources_1/new/rs_encoder.sv w ]
add_files /home/grads/b/bhushan_123/thesis_project/ECC_1bit/ECC_1bit.srcs/sources_1/new/rs_encoder.sv
update_compile_order -fileset sources_1
update_compile_order -fileset sources_1
file mkdir /home/grads/b/bhushan_123/thesis_project/ECC_1bit/ECC_1bit.srcs/sim_1/new
set_property SOURCE_SET sources_1 [get_filesets sim_1]
close [ open /home/grads/b/bhushan_123/thesis_project/ECC_1bit/ECC_1bit.srcs/sim_1/new/ecc_defines.sv w ]
add_files -fileset sim_1 /home/grads/b/bhushan_123/thesis_project/ECC_1bit/ECC_1bit.srcs/sim_1/new/ecc_defines.sv
close [ open /home/grads/b/bhushan_123/thesis_project/ECC_1bit/ECC_1bit.srcs/sim_1/new/ecc_monitor_c.sv w ]
add_files -fileset sim_1 /home/grads/b/bhushan_123/thesis_project/ECC_1bit/ECC_1bit.srcs/sim_1/new/ecc_monitor_c.sv
close [ open /home/grads/b/bhushan_123/thesis_project/ECC_1bit/ECC_1bit.srcs/sim_1/new/ecc_env.sv w ]
add_files -fileset sim_1 /home/grads/b/bhushan_123/thesis_project/ECC_1bit/ECC_1bit.srcs/sim_1/new/ecc_env.sv
close [ open /home/grads/b/bhushan_123/thesis_project/ECC_1bit/ECC_1bit.srcs/sim_1/new/ecc_packet_c.sv w ]
add_files -fileset sim_1 /home/grads/b/bhushan_123/thesis_project/ECC_1bit/ECC_1bit.srcs/sim_1/new/ecc_packet_c.sv
close [ open /home/grads/b/bhushan_123/thesis_project/ECC_1bit/ECC_1bit.srcs/sim_1/new/ecc_top.sv w ]
add_files -fileset sim_1 /home/grads/b/bhushan_123/thesis_project/ECC_1bit/ECC_1bit.srcs/sim_1/new/ecc_top.sv
close [ open /home/grads/b/bhushan_123/thesis_project/ECC_1bit/ECC_1bit.srcs/sim_1/new/ecc_pkg.sv w ]
add_files -fileset sim_1 /home/grads/b/bhushan_123/thesis_project/ECC_1bit/ECC_1bit.srcs/sim_1/new/ecc_pkg.sv
close [ open /home/grads/b/bhushan_123/thesis_project/ECC_1bit/ECC_1bit.srcs/sim_1/new/ecc_seqs.sv w ]
add_files -fileset sim_1 /home/grads/b/bhushan_123/thesis_project/ECC_1bit/ECC_1bit.srcs/sim_1/new/ecc_seqs.sv
close [ open /home/grads/b/bhushan_123/thesis_project/ECC_1bit/ECC_1bit.srcs/sim_1/new/ecc_mon_packet.sv w ]
add_files -fileset sim_1 /home/grads/b/bhushan_123/thesis_project/ECC_1bit/ECC_1bit.srcs/sim_1/new/ecc_mon_packet.sv
close [ open /home/grads/b/bhushan_123/thesis_project/ECC_1bit/ECC_1bit.srcs/sim_1/new/ecc_interface.sv w ]
add_files -fileset sim_1 /home/grads/b/bhushan_123/thesis_project/ECC_1bit/ECC_1bit.srcs/sim_1/new/ecc_interface.sv
close [ open /home/grads/b/bhushan_123/thesis_project/ECC_1bit/ECC_1bit.srcs/sim_1/new/ecc_scoreboard_c.sv w ]
add_files -fileset sim_1 /home/grads/b/bhushan_123/thesis_project/ECC_1bit/ECC_1bit.srcs/sim_1/new/ecc_scoreboard_c.sv
close [ open /home/grads/b/bhushan_123/thesis_project/ECC_1bit/ECC_1bit.srcs/sim_1/new/ecc_agent_c.sv w ]
add_files -fileset sim_1 /home/grads/b/bhushan_123/thesis_project/ECC_1bit/ECC_1bit.srcs/sim_1/new/ecc_agent_c.sv
close [ open /home/grads/b/bhushan_123/thesis_project/ECC_1bit/ECC_1bit.srcs/sim_1/new/ecc_driver_c.sv w ]
add_files -fileset sim_1 /home/grads/b/bhushan_123/thesis_project/ECC_1bit/ECC_1bit.srcs/sim_1/new/ecc_driver_c.sv
close [ open /home/grads/b/bhushan_123/thesis_project/ECC_1bit/ECC_1bit.srcs/sim_1/new/ecc_sequencer_c.sv w ]
add_files -fileset sim_1 /home/grads/b/bhushan_123/thesis_project/ECC_1bit/ECC_1bit.srcs/sim_1/new/ecc_sequencer_c.sv
update_compile_order -fileset sim_1
set_property SOURCE_SET sources_1 [get_filesets sim_1]
close [ open /home/grads/b/bhushan_123/thesis_project/ECC_1bit/ECC_1bit.srcs/sim_1/new/ecc_item.sv w ]
add_files -fileset sim_1 /home/grads/b/bhushan_123/thesis_project/ECC_1bit/ECC_1bit.srcs/sim_1/new/ecc_item.sv
update_compile_order -fileset sim_1
