Warning: Design 'ecc_engine_top' has '2' unresolved references. For more detailed information, use the "link" command. (UID-341)
 
****************************************
Report : area
Design : ecc_engine_top
Version: V-2023.12-SP1
Date   : Sun Mar 15 17:42:31 2026
****************************************

Library(s) Used:

    nangate45_merged (File: /home/grads/b/bhushan_123/thesis_project/Git_hub_repo/nangate/db_files/merged.db)

Number of ports:                         1747
Number of nets:                          7022
Number of cells:                         5115
Number of combinational cells:           3697
Number of sequential cells:              1416
Number of macros/black boxes:               0
Number of buf/inv:                        630
Number of references:                      21

Combinational area:               4561.900038
Buf/Inv area:                      348.992003
Noncombinational area:            7522.480243
Macro/Black Box area:                0.000000
Net Interconnect area:      undefined  (No wire load specified)

Total cell area:                 12084.380281
Total area:                 undefined

Information: This design contains black box (unknown) components. (RPT-8)
1
