--------------------------------------------------------------------------------
                            Clock Gating Style Checks
--------------------------------------------------------------------------------
No clock gating style defined yet.

--------------------------------------------------------------------------------
                         Target Library Subset Checks
--------------------------------------------------------------------------------
No Errors/Warnings Found.

--------------------------------------------------------------------------------
                             Level Shifter Checks
--------------------------------------------------------------------------------

--------------------------------------------------------------------------------
                        Level Shifter Checks Summary
--------------------------------------------------------------------------------
No Errors/Warnings Found.

--------------------------------------------------------------------------------
                             Power Domain Checks
--------------------------------------------------------------------------------
No Errors/Warnings Found.

--------------------------------------------------------------------------------
                               Always On Checks
--------------------------------------------------------------------------------

--------------------------------------------------------------------------------
                         Always On Checks Summary
--------------------------------------------------------------------------------
No Errors/Warnings Found.

--------------------------------------------------------------------------------
                 Design And Library Operating Condition Checks
--------------------------------------------------------------------------------
Warning: No operating condition has been set explicitly on the current design. A default operating condition will be assumed. (MV-028)
Error: Either no operating condition has been applied for the current design (warning MV-028), or the libraries have improper operating condition characteristics, as reported in warnings LIBSETUP-026 or LIBSETUP-027. (LIBSETUP-029)

--------------------------------------------------------------------------------
                        Cell Operating Condition Checks
--------------------------------------------------------------------------------
No Errors/Warnings Found.

--------------------------------------------------------------------------------
           Power Domain and Operating Condition Consistency Checks
--------------------------------------------------------------------------------
No Errors/Warnings Found.
--------------------------------------------------------------------------------
                      Power/Ground Pin Connection Checks
--------------------------------------------------------------------------------
Warning: No port state has been defined on any supply port connected to supply net VDD. (UPF-506)
Warning: No port state has been defined on any supply port connected to supply net VSS. (UPF-506)

--------------------------------------------------------------------------------
                         Supply Operating Voltage Checks
--------------------------------------------------------------------------------
Error: Supply net VDD does not have a defined operating voltage . (UPF-057)
Error: Supply net VSS does not have a defined operating voltage . (UPF-057)
Error: Supply net VDD_ENC does not have a defined operating voltage . (UPF-057)

--------------------------------------------------------------------------------
                                 Model checks
--------------------------------------------------------------------------------
No Errors/Warnings Found.

--------------------------------------------------------------------------------
                          Retention Synthesis Checks
--------------------------------------------------------------------------------
No Errors/Warnings Found.

--------------------------------------------------------------------------------
                          Isolation Synthesis Checks
--------------------------------------------------------------------------------
--------------------------------------------------------------------------------
                 Isolation Library Cell PG Pin Checks Summary
--------------------------------------------------------------------------------
No Errors/Warnings Found.

--------------------------------------------------------------------------------
                       Power Domains Root Cells Checks
--------------------------------------------------------------------------------
No Errors/Warnings Found.

--------------------------------------------------------------------------------
                                Analog Checks
--------------------------------------------------------------------------------
No Errors/Warnings Found.

--------------------------------------------------------------------------------
                                Pad Pin Checks
--------------------------------------------------------------------------------
No Errors/Warnings Found.

Please review report above for warnings and errors.
0
