 
****************************************
Report : power
        -analysis_effort low
Design : ecc_engine_top
Version: V-2023.12-SP1
Date   : Sun Mar 15 17:42:31 2026
****************************************


Library(s) Used:

    nangate45_merged (File: /home/grads/b/bhushan_123/thesis_project/Git_hub_repo/nangate/db_files/merged.db)


Operating Conditions: tt_1.0_25.0   Library: nangate45_merged
Wire Load Model Mode: top


Global Operating Voltage = 1.1  
Power-specific unit information :
    Voltage Units = 1V
    Capacitance Units = 1.000000ff
    Time Units = 1ns
    Dynamic Power Units = 1uW    (derived from V,C,T units)
    Leakage Power Units = 1nW


Attributes
----------
i - Including register clock pin internal power


  Cell Internal Power  =   5.6201 mW    (1%)
  Net Switching Power  = 423.9577 mW   (99%)
                         ---------
Total Dynamic Power    = 429.5778 mW  (100%)

Cell Leakage Power     = 229.5124 uW


                 Internal         Switching           Leakage            Total
Power Group      Power            Power               Power              Power   (   %    )  Attrs
--------------------------------------------------------------------------------------------------
io_pad             0.0000            0.0000            0.0000            0.0000  (   0.00%)
memory             0.0000            0.0000            0.0000            0.0000  (   0.00%)
black_box          0.0000            0.0000            0.0000            0.0000  (   0.00%)
clock_network  4.7223e+03        4.2353e+05        9.7141e+03        4.2826e+05  (  99.64%)  i
register         379.3228           49.5723        1.1697e+05          545.8640  (   0.13%)
sequential         0.0000            0.0000            0.0000            0.0000  (   0.00%)
combinational    518.4564          374.5657        1.0283e+05          995.8470  (   0.23%)
--------------------------------------------------------------------------------------------------
Total          5.6201e+03 uW     4.2396e+05 uW     2.2951e+05 nW     4.2981e+05 uW
1
