Warning: Design 'ecc_engine_top' has '2' unresolved references. For more detailed information, use the "link" command. (UID-341)
 
****************************************
Report : timing
        -path full
        -delay max
        -max_paths 20
Design : ecc_engine_top
Version: V-2023.12-SP1
Date   : Sun Mar 15 17:42:31 2026
****************************************

 # A fanout number of 1000 was used for high fanout net computations.

Operating Conditions: tt_1.0_25.0   Library: nangate45_merged
Wire Load Model Mode: top

  Startpoint: test_mode_en
              (input port clocked by clk)
  Endpoint: test_codeword_reg[252]
            (rising edge-triggered flip-flop clocked by clk)
  Path Group: clk
  Path Type: max

  Point                                    Incr       Path
  -----------------------------------------------------------
  clock clk (rise edge)                    0.00       0.00
  clock network delay (ideal)              0.00       0.00
  input external delay                     0.20       0.20 r
  test_mode_en (in)                        0.00       0.20 r
  U2319/ZN (NAND2_X1)                      0.06       0.26 f
  U2320/ZN (NOR2_X2)                       0.17       0.43 r
  U1992/Z (BUF_X4)                         0.17       0.60 r
  U2003/Z (BUF_X1)                         0.17       0.78 r
  U2325/Z (BUF_X2)                         0.17       0.94 r
  U2429/ZN (AOI22_X1)                      0.02       0.96 f
  U2430/ZN (OAI21_X1)                      0.03       0.99 r
  test_codeword_reg[252]/D (DFFR_X1)       0.00       0.99 r
  data arrival time                                   0.99

  clock clk (rise edge)                    2.00       2.00
  clock network delay (ideal)              0.00       2.00
  test_codeword_reg[252]/CK (DFFR_X1)      0.00       2.00 r
  library setup time                      -0.04       1.96
  data required time                                  1.96
  -----------------------------------------------------------
  data required time                                  1.96
  data arrival time                                  -0.99
  -----------------------------------------------------------
  slack (MET)                                         0.97


  Startpoint: test_mode_en
              (input port clocked by clk)
  Endpoint: test_codeword_reg[241]
            (rising edge-triggered flip-flop clocked by clk)
  Path Group: clk
  Path Type: max

  Point                                    Incr       Path
  -----------------------------------------------------------
  clock clk (rise edge)                    0.00       0.00
  clock network delay (ideal)              0.00       0.00
  input external delay                     0.20       0.20 r
  test_mode_en (in)                        0.00       0.20 r
  U2319/ZN (NAND2_X1)                      0.06       0.26 f
  U2320/ZN (NOR2_X2)                       0.17       0.43 r
  U1992/Z (BUF_X4)                         0.17       0.60 r
  U2003/Z (BUF_X1)                         0.17       0.78 r
  U2325/Z (BUF_X2)                         0.17       0.94 r
  U2451/ZN (AOI22_X1)                      0.02       0.96 f
  U2452/ZN (OAI21_X1)                      0.03       0.99 r
  test_codeword_reg[241]/D (DFFR_X1)       0.00       0.99 r
  data arrival time                                   0.99

  clock clk (rise edge)                    2.00       2.00
  clock network delay (ideal)              0.00       2.00
  test_codeword_reg[241]/CK (DFFR_X1)      0.00       2.00 r
  library setup time                      -0.04       1.96
  data required time                                  1.96
  -----------------------------------------------------------
  data required time                                  1.96
  data arrival time                                  -0.99
  -----------------------------------------------------------
  slack (MET)                                         0.97


  Startpoint: test_mode_en
              (input port clocked by clk)
  Endpoint: test_codeword_reg[225]
            (rising edge-triggered flip-flop clocked by clk)
  Path Group: clk
  Path Type: max

  Point                                    Incr       Path
  -----------------------------------------------------------
  clock clk (rise edge)                    0.00       0.00
  clock network delay (ideal)              0.00       0.00
  input external delay                     0.20       0.20 r
  test_mode_en (in)                        0.00       0.20 r
  U2319/ZN (NAND2_X1)                      0.06       0.26 f
  U2320/ZN (NOR2_X2)                       0.17       0.43 r
  U1992/Z (BUF_X4)                         0.17       0.60 r
  U2003/Z (BUF_X1)                         0.17       0.78 r
  U2325/Z (BUF_X2)                         0.17       0.94 r
  U2483/ZN (AOI22_X1)                      0.02       0.96 f
  U2484/ZN (OAI21_X1)                      0.03       0.99 r
  test_codeword_reg[225]/D (DFFR_X1)       0.00       0.99 r
  data arrival time                                   0.99

  clock clk (rise edge)                    2.00       2.00
  clock network delay (ideal)              0.00       2.00
  test_codeword_reg[225]/CK (DFFR_X1)      0.00       2.00 r
  library setup time                      -0.04       1.96
  data required time                                  1.96
  -----------------------------------------------------------
  data required time                                  1.96
  data arrival time                                  -0.99
  -----------------------------------------------------------
  slack (MET)                                         0.97


  Startpoint: test_mode_en
              (input port clocked by clk)
  Endpoint: test_codeword_reg[155]
            (rising edge-triggered flip-flop clocked by clk)
  Path Group: clk
  Path Type: max

  Point                                    Incr       Path
  -----------------------------------------------------------
  clock clk (rise edge)                    0.00       0.00
  clock network delay (ideal)              0.00       0.00
  input external delay                     0.20       0.20 r
  test_mode_en (in)                        0.00       0.20 r
  U2319/ZN (NAND2_X1)                      0.06       0.26 f
  U2320/ZN (NOR2_X2)                       0.17       0.43 r
  U1992/Z (BUF_X4)                         0.17       0.60 r
  U2003/Z (BUF_X1)                         0.17       0.78 r
  U2325/Z (BUF_X2)                         0.17       0.94 r
  U2623/ZN (AOI22_X1)                      0.02       0.96 f
  U2624/ZN (OAI21_X1)                      0.03       0.99 r
  test_codeword_reg[155]/D (DFFR_X1)       0.00       0.99 r
  data arrival time                                   0.99

  clock clk (rise edge)                    2.00       2.00
  clock network delay (ideal)              0.00       2.00
  test_codeword_reg[155]/CK (DFFR_X1)      0.00       2.00 r
  library setup time                      -0.04       1.96
  data required time                                  1.96
  -----------------------------------------------------------
  data required time                                  1.96
  data arrival time                                  -0.99
  -----------------------------------------------------------
  slack (MET)                                         0.97


  Startpoint: test_mode_en
              (input port clocked by clk)
  Endpoint: test_codeword_reg[97]
            (rising edge-triggered flip-flop clocked by clk)
  Path Group: clk
  Path Type: max

  Point                                    Incr       Path
  -----------------------------------------------------------
  clock clk (rise edge)                    0.00       0.00
  clock network delay (ideal)              0.00       0.00
  input external delay                     0.20       0.20 r
  test_mode_en (in)                        0.00       0.20 r
  U2319/ZN (NAND2_X1)                      0.06       0.26 f
  U2320/ZN (NOR2_X2)                       0.17       0.43 r
  U1992/Z (BUF_X4)                         0.17       0.60 r
  U2003/Z (BUF_X1)                         0.17       0.78 r
  U2325/Z (BUF_X2)                         0.17       0.94 r
  U2739/ZN (AOI22_X1)                      0.02       0.96 f
  U2740/ZN (OAI21_X1)                      0.03       0.99 r
  test_codeword_reg[97]/D (DFFR_X1)        0.00       0.99 r
  data arrival time                                   0.99

  clock clk (rise edge)                    2.00       2.00
  clock network delay (ideal)              0.00       2.00
  test_codeword_reg[97]/CK (DFFR_X1)       0.00       2.00 r
  library setup time                      -0.04       1.96
  data required time                                  1.96
  -----------------------------------------------------------
  data required time                                  1.96
  data arrival time                                  -0.99
  -----------------------------------------------------------
  slack (MET)                                         0.97


  Startpoint: test_mode_en
              (input port clocked by clk)
  Endpoint: test_codeword_reg[76]
            (rising edge-triggered flip-flop clocked by clk)
  Path Group: clk
  Path Type: max

  Point                                    Incr       Path
  -----------------------------------------------------------
  clock clk (rise edge)                    0.00       0.00
  clock network delay (ideal)              0.00       0.00
  input external delay                     0.20       0.20 r
  test_mode_en (in)                        0.00       0.20 r
  U2319/ZN (NAND2_X1)                      0.06       0.26 f
  U2320/ZN (NOR2_X2)                       0.17       0.43 r
  U1992/Z (BUF_X4)                         0.17       0.60 r
  U2003/Z (BUF_X1)                         0.17       0.78 r
  U2325/Z (BUF_X2)                         0.17       0.94 r
  U2781/ZN (AOI22_X1)                      0.02       0.96 f
  U2782/ZN (OAI21_X1)                      0.03       0.99 r
  test_codeword_reg[76]/D (DFFR_X1)        0.00       0.99 r
  data arrival time                                   0.99

  clock clk (rise edge)                    2.00       2.00
  clock network delay (ideal)              0.00       2.00
  test_codeword_reg[76]/CK (DFFR_X1)       0.00       2.00 r
  library setup time                      -0.04       1.96
  data required time                                  1.96
  -----------------------------------------------------------
  data required time                                  1.96
  data arrival time                                  -0.99
  -----------------------------------------------------------
  slack (MET)                                         0.97


  Startpoint: test_mode_en
              (input port clocked by clk)
  Endpoint: test_codeword_reg[75]
            (rising edge-triggered flip-flop clocked by clk)
  Path Group: clk
  Path Type: max

  Point                                    Incr       Path
  -----------------------------------------------------------
  clock clk (rise edge)                    0.00       0.00
  clock network delay (ideal)              0.00       0.00
  input external delay                     0.20       0.20 r
  test_mode_en (in)                        0.00       0.20 r
  U2319/ZN (NAND2_X1)                      0.06       0.26 f
  U2320/ZN (NOR2_X2)                       0.17       0.43 r
  U1992/Z (BUF_X4)                         0.17       0.60 r
  U2003/Z (BUF_X1)                         0.17       0.78 r
  U2325/Z (BUF_X2)                         0.17       0.94 r
  U2783/ZN (AOI22_X1)                      0.02       0.96 f
  U2784/ZN (OAI21_X1)                      0.03       0.99 r
  test_codeword_reg[75]/D (DFFR_X1)        0.00       0.99 r
  data arrival time                                   0.99

  clock clk (rise edge)                    2.00       2.00
  clock network delay (ideal)              0.00       2.00
  test_codeword_reg[75]/CK (DFFR_X1)       0.00       2.00 r
  library setup time                      -0.04       1.96
  data required time                                  1.96
  -----------------------------------------------------------
  data required time                                  1.96
  data arrival time                                  -0.99
  -----------------------------------------------------------
  slack (MET)                                         0.97


  Startpoint: test_mode_en
              (input port clocked by clk)
  Endpoint: test_codeword_reg[74]
            (rising edge-triggered flip-flop clocked by clk)
  Path Group: clk
  Path Type: max

  Point                                    Incr       Path
  -----------------------------------------------------------
  clock clk (rise edge)                    0.00       0.00
  clock network delay (ideal)              0.00       0.00
  input external delay                     0.20       0.20 r
  test_mode_en (in)                        0.00       0.20 r
  U2319/ZN (NAND2_X1)                      0.06       0.26 f
  U2320/ZN (NOR2_X2)                       0.17       0.43 r
  U1992/Z (BUF_X4)                         0.17       0.60 r
  U2003/Z (BUF_X1)                         0.17       0.78 r
  U2325/Z (BUF_X2)                         0.17       0.94 r
  U2785/ZN (AOI22_X1)                      0.02       0.96 f
  U2786/ZN (OAI21_X1)                      0.03       0.99 r
  test_codeword_reg[74]/D (DFFR_X1)        0.00       0.99 r
  data arrival time                                   0.99

  clock clk (rise edge)                    2.00       2.00
  clock network delay (ideal)              0.00       2.00
  test_codeword_reg[74]/CK (DFFR_X1)       0.00       2.00 r
  library setup time                      -0.04       1.96
  data required time                                  1.96
  -----------------------------------------------------------
  data required time                                  1.96
  data arrival time                                  -0.99
  -----------------------------------------------------------
  slack (MET)                                         0.97


  Startpoint: test_mode_en
              (input port clocked by clk)
  Endpoint: test_codeword_reg[73]
            (rising edge-triggered flip-flop clocked by clk)
  Path Group: clk
  Path Type: max

  Point                                    Incr       Path
  -----------------------------------------------------------
  clock clk (rise edge)                    0.00       0.00
  clock network delay (ideal)              0.00       0.00
  input external delay                     0.20       0.20 r
  test_mode_en (in)                        0.00       0.20 r
  U2319/ZN (NAND2_X1)                      0.06       0.26 f
  U2320/ZN (NOR2_X2)                       0.17       0.43 r
  U1992/Z (BUF_X4)                         0.17       0.60 r
  U2003/Z (BUF_X1)                         0.17       0.78 r
  U2325/Z (BUF_X2)                         0.17       0.94 r
  U2787/ZN (AOI22_X1)                      0.02       0.96 f
  U2788/ZN (OAI21_X1)                      0.03       0.99 r
  test_codeword_reg[73]/D (DFFR_X1)        0.00       0.99 r
  data arrival time                                   0.99

  clock clk (rise edge)                    2.00       2.00
  clock network delay (ideal)              0.00       2.00
  test_codeword_reg[73]/CK (DFFR_X1)       0.00       2.00 r
  library setup time                      -0.04       1.96
  data required time                                  1.96
  -----------------------------------------------------------
  data required time                                  1.96
  data arrival time                                  -0.99
  -----------------------------------------------------------
  slack (MET)                                         0.97


  Startpoint: test_mode_en
              (input port clocked by clk)
  Endpoint: test_codeword_reg[72]
            (rising edge-triggered flip-flop clocked by clk)
  Path Group: clk
  Path Type: max

  Point                                    Incr       Path
  -----------------------------------------------------------
  clock clk (rise edge)                    0.00       0.00
  clock network delay (ideal)              0.00       0.00
  input external delay                     0.20       0.20 r
  test_mode_en (in)                        0.00       0.20 r
  U2319/ZN (NAND2_X1)                      0.06       0.26 f
  U2320/ZN (NOR2_X2)                       0.17       0.43 r
  U1992/Z (BUF_X4)                         0.17       0.60 r
  U2003/Z (BUF_X1)                         0.17       0.78 r
  U2325/Z (BUF_X2)                         0.17       0.94 r
  U2789/ZN (AOI22_X1)                      0.02       0.96 f
  U2790/ZN (OAI21_X1)                      0.03       0.99 r
  test_codeword_reg[72]/D (DFFR_X1)        0.00       0.99 r
  data arrival time                                   0.99

  clock clk (rise edge)                    2.00       2.00
  clock network delay (ideal)              0.00       2.00
  test_codeword_reg[72]/CK (DFFR_X1)       0.00       2.00 r
  library setup time                      -0.04       1.96
  data required time                                  1.96
  -----------------------------------------------------------
  data required time                                  1.96
  data arrival time                                  -0.99
  -----------------------------------------------------------
  slack (MET)                                         0.97


  Startpoint: test_mode_en
              (input port clocked by clk)
  Endpoint: test_codeword_reg[71]
            (rising edge-triggered flip-flop clocked by clk)
  Path Group: clk
  Path Type: max

  Point                                    Incr       Path
  -----------------------------------------------------------
  clock clk (rise edge)                    0.00       0.00
  clock network delay (ideal)              0.00       0.00
  input external delay                     0.20       0.20 r
  test_mode_en (in)                        0.00       0.20 r
  U2319/ZN (NAND2_X1)                      0.06       0.26 f
  U2320/ZN (NOR2_X2)                       0.17       0.43 r
  U1992/Z (BUF_X4)                         0.17       0.60 r
  U2003/Z (BUF_X1)                         0.17       0.78 r
  U2325/Z (BUF_X2)                         0.17       0.94 r
  U2791/ZN (AOI22_X1)                      0.02       0.96 f
  U2792/ZN (OAI21_X1)                      0.03       0.99 r
  test_codeword_reg[71]/D (DFFR_X1)        0.00       0.99 r
  data arrival time                                   0.99

  clock clk (rise edge)                    2.00       2.00
  clock network delay (ideal)              0.00       2.00
  test_codeword_reg[71]/CK (DFFR_X1)       0.00       2.00 r
  library setup time                      -0.04       1.96
  data required time                                  1.96
  -----------------------------------------------------------
  data required time                                  1.96
  data arrival time                                  -0.99
  -----------------------------------------------------------
  slack (MET)                                         0.97


  Startpoint: test_mode_en
              (input port clocked by clk)
  Endpoint: test_codeword_reg[68]
            (rising edge-triggered flip-flop clocked by clk)
  Path Group: clk
  Path Type: max

  Point                                    Incr       Path
  -----------------------------------------------------------
  clock clk (rise edge)                    0.00       0.00
  clock network delay (ideal)              0.00       0.00
  input external delay                     0.20       0.20 r
  test_mode_en (in)                        0.00       0.20 r
  U2319/ZN (NAND2_X1)                      0.06       0.26 f
  U2320/ZN (NOR2_X2)                       0.17       0.43 r
  U1992/Z (BUF_X4)                         0.17       0.60 r
  U2003/Z (BUF_X1)                         0.17       0.78 r
  U2325/Z (BUF_X2)                         0.17       0.94 r
  U2797/ZN (AOI22_X1)                      0.02       0.96 f
  U2798/ZN (OAI21_X1)                      0.03       0.99 r
  test_codeword_reg[68]/D (DFFR_X1)        0.00       0.99 r
  data arrival time                                   0.99

  clock clk (rise edge)                    2.00       2.00
  clock network delay (ideal)              0.00       2.00
  test_codeword_reg[68]/CK (DFFR_X1)       0.00       2.00 r
  library setup time                      -0.04       1.96
  data required time                                  1.96
  -----------------------------------------------------------
  data required time                                  1.96
  data arrival time                                  -0.99
  -----------------------------------------------------------
  slack (MET)                                         0.97


  Startpoint: test_mode_en
              (input port clocked by clk)
  Endpoint: test_codeword_reg[276]
            (rising edge-triggered flip-flop clocked by clk)
  Path Group: clk
  Path Type: max

  Point                                    Incr       Path
  -----------------------------------------------------------
  clock clk (rise edge)                    0.00       0.00
  clock network delay (ideal)              0.00       0.00
  input external delay                     0.20       0.20 r
  test_mode_en (in)                        0.00       0.20 r
  U2319/ZN (NAND2_X1)                      0.06       0.26 f
  U2320/ZN (NOR2_X2)                       0.17       0.43 r
  U1992/Z (BUF_X4)                         0.17       0.60 r
  U2003/Z (BUF_X1)                         0.17       0.78 r
  U2325/Z (BUF_X2)                         0.17       0.94 r
  U2378/ZN (AOI22_X1)                      0.02       0.96 f
  U2379/ZN (OAI21_X1)                      0.03       0.99 r
  test_codeword_reg[276]/D (DFFR_X1)       0.00       0.99 r
  data arrival time                                   0.99

  clock clk (rise edge)                    2.00       2.00
  clock network delay (ideal)              0.00       2.00
  test_codeword_reg[276]/CK (DFFR_X1)      0.00       2.00 r
  library setup time                      -0.04       1.96
  data required time                                  1.96
  -----------------------------------------------------------
  data required time                                  1.96
  data arrival time                                  -0.99
  -----------------------------------------------------------
  slack (MET)                                         0.97


  Startpoint: test_mode_en
              (input port clocked by clk)
  Endpoint: test_codeword_reg[186]
            (rising edge-triggered flip-flop clocked by clk)
  Path Group: clk
  Path Type: max

  Point                                    Incr       Path
  -----------------------------------------------------------
  clock clk (rise edge)                    0.00       0.00
  clock network delay (ideal)              0.00       0.00
  input external delay                     0.20       0.20 r
  test_mode_en (in)                        0.00       0.20 r
  U2319/ZN (NAND2_X1)                      0.06       0.26 f
  U2320/ZN (NOR2_X2)                       0.17       0.43 r
  U1992/Z (BUF_X4)                         0.17       0.60 r
  U2003/Z (BUF_X1)                         0.17       0.78 r
  U2325/Z (BUF_X2)                         0.17       0.94 r
  U2561/ZN (AOI22_X1)                      0.02       0.96 f
  U2562/ZN (OAI21_X1)                      0.03       0.99 r
  test_codeword_reg[186]/D (DFFR_X1)       0.00       0.99 r
  data arrival time                                   0.99

  clock clk (rise edge)                    2.00       2.00
  clock network delay (ideal)              0.00       2.00
  test_codeword_reg[186]/CK (DFFR_X1)      0.00       2.00 r
  library setup time                      -0.04       1.96
  data required time                                  1.96
  -----------------------------------------------------------
  data required time                                  1.96
  data arrival time                                  -0.99
  -----------------------------------------------------------
  slack (MET)                                         0.97


  Startpoint: test_mode_en
              (input port clocked by clk)
  Endpoint: test_codeword_reg[184]
            (rising edge-triggered flip-flop clocked by clk)
  Path Group: clk
  Path Type: max

  Point                                    Incr       Path
  -----------------------------------------------------------
  clock clk (rise edge)                    0.00       0.00
  clock network delay (ideal)              0.00       0.00
  input external delay                     0.20       0.20 r
  test_mode_en (in)                        0.00       0.20 r
  U2319/ZN (NAND2_X1)                      0.06       0.26 f
  U2320/ZN (NOR2_X2)                       0.17       0.43 r
  U1992/Z (BUF_X4)                         0.17       0.60 r
  U2003/Z (BUF_X1)                         0.17       0.78 r
  U2325/Z (BUF_X2)                         0.17       0.94 r
  U2565/ZN (AOI22_X1)                      0.02       0.96 f
  U2566/ZN (OAI21_X1)                      0.03       0.99 r
  test_codeword_reg[184]/D (DFFR_X1)       0.00       0.99 r
  data arrival time                                   0.99

  clock clk (rise edge)                    2.00       2.00
  clock network delay (ideal)              0.00       2.00
  test_codeword_reg[184]/CK (DFFR_X1)      0.00       2.00 r
  library setup time                      -0.04       1.96
  data required time                                  1.96
  -----------------------------------------------------------
  data required time                                  1.96
  data arrival time                                  -0.99
  -----------------------------------------------------------
  slack (MET)                                         0.97


  Startpoint: test_mode_en
              (input port clocked by clk)
  Endpoint: test_codeword_reg[178]
            (rising edge-triggered flip-flop clocked by clk)
  Path Group: clk
  Path Type: max

  Point                                    Incr       Path
  -----------------------------------------------------------
  clock clk (rise edge)                    0.00       0.00
  clock network delay (ideal)              0.00       0.00
  input external delay                     0.20       0.20 r
  test_mode_en (in)                        0.00       0.20 r
  U2319/ZN (NAND2_X1)                      0.06       0.26 f
  U2320/ZN (NOR2_X2)                       0.17       0.43 r
  U1992/Z (BUF_X4)                         0.17       0.60 r
  U2003/Z (BUF_X1)                         0.17       0.78 r
  U2325/Z (BUF_X2)                         0.17       0.94 r
  U2577/ZN (AOI22_X1)                      0.02       0.96 f
  U2578/ZN (OAI21_X1)                      0.03       0.99 r
  test_codeword_reg[178]/D (DFFR_X1)       0.00       0.99 r
  data arrival time                                   0.99

  clock clk (rise edge)                    2.00       2.00
  clock network delay (ideal)              0.00       2.00
  test_codeword_reg[178]/CK (DFFR_X1)      0.00       2.00 r
  library setup time                      -0.04       1.96
  data required time                                  1.96
  -----------------------------------------------------------
  data required time                                  1.96
  data arrival time                                  -0.99
  -----------------------------------------------------------
  slack (MET)                                         0.97


  Startpoint: test_mode_en
              (input port clocked by clk)
  Endpoint: test_codeword_reg[159]
            (rising edge-triggered flip-flop clocked by clk)
  Path Group: clk
  Path Type: max

  Point                                    Incr       Path
  -----------------------------------------------------------
  clock clk (rise edge)                    0.00       0.00
  clock network delay (ideal)              0.00       0.00
  input external delay                     0.20       0.20 r
  test_mode_en (in)                        0.00       0.20 r
  U2319/ZN (NAND2_X1)                      0.06       0.26 f
  U2320/ZN (NOR2_X2)                       0.17       0.43 r
  U1992/Z (BUF_X4)                         0.17       0.60 r
  U2003/Z (BUF_X1)                         0.17       0.78 r
  U2325/Z (BUF_X2)                         0.17       0.94 r
  U2615/ZN (AOI22_X1)                      0.02       0.96 f
  U2616/ZN (OAI21_X1)                      0.03       0.99 r
  test_codeword_reg[159]/D (DFFR_X1)       0.00       0.99 r
  data arrival time                                   0.99

  clock clk (rise edge)                    2.00       2.00
  clock network delay (ideal)              0.00       2.00
  test_codeword_reg[159]/CK (DFFR_X1)      0.00       2.00 r
  library setup time                      -0.04       1.96
  data required time                                  1.96
  -----------------------------------------------------------
  data required time                                  1.96
  data arrival time                                  -0.99
  -----------------------------------------------------------
  slack (MET)                                         0.97


  Startpoint: test_mode_en
              (input port clocked by clk)
  Endpoint: test_codeword_reg[111]
            (rising edge-triggered flip-flop clocked by clk)
  Path Group: clk
  Path Type: max

  Point                                    Incr       Path
  -----------------------------------------------------------
  clock clk (rise edge)                    0.00       0.00
  clock network delay (ideal)              0.00       0.00
  input external delay                     0.20       0.20 r
  test_mode_en (in)                        0.00       0.20 r
  U2319/ZN (NAND2_X1)                      0.06       0.26 f
  U2320/ZN (NOR2_X2)                       0.17       0.43 r
  U1992/Z (BUF_X4)                         0.17       0.60 r
  U2003/Z (BUF_X1)                         0.17       0.78 r
  U2325/Z (BUF_X2)                         0.17       0.94 r
  U2711/ZN (AOI22_X1)                      0.02       0.96 f
  U2712/ZN (OAI21_X1)                      0.03       0.99 r
  test_codeword_reg[111]/D (DFFR_X1)       0.00       0.99 r
  data arrival time                                   0.99

  clock clk (rise edge)                    2.00       2.00
  clock network delay (ideal)              0.00       2.00
  test_codeword_reg[111]/CK (DFFR_X1)      0.00       2.00 r
  library setup time                      -0.04       1.96
  data required time                                  1.96
  -----------------------------------------------------------
  data required time                                  1.96
  data arrival time                                  -0.99
  -----------------------------------------------------------
  slack (MET)                                         0.97


  Startpoint: test_mode_en
              (input port clocked by clk)
  Endpoint: test_codeword_reg[99]
            (rising edge-triggered flip-flop clocked by clk)
  Path Group: clk
  Path Type: max

  Point                                    Incr       Path
  -----------------------------------------------------------
  clock clk (rise edge)                    0.00       0.00
  clock network delay (ideal)              0.00       0.00
  input external delay                     0.20       0.20 r
  test_mode_en (in)                        0.00       0.20 r
  U2319/ZN (NAND2_X1)                      0.06       0.26 f
  U2320/ZN (NOR2_X2)                       0.17       0.43 r
  U1992/Z (BUF_X4)                         0.17       0.60 r
  U2003/Z (BUF_X1)                         0.17       0.78 r
  U2325/Z (BUF_X2)                         0.17       0.94 r
  U2735/ZN (AOI22_X1)                      0.02       0.96 f
  U2736/ZN (OAI21_X1)                      0.03       0.99 r
  test_codeword_reg[99]/D (DFFR_X1)        0.00       0.99 r
  data arrival time                                   0.99

  clock clk (rise edge)                    2.00       2.00
  clock network delay (ideal)              0.00       2.00
  test_codeword_reg[99]/CK (DFFR_X1)       0.00       2.00 r
  library setup time                      -0.04       1.96
  data required time                                  1.96
  -----------------------------------------------------------
  data required time                                  1.96
  data arrival time                                  -0.99
  -----------------------------------------------------------
  slack (MET)                                         0.97


  Startpoint: test_mode_en
              (input port clocked by clk)
  Endpoint: test_codeword_reg[67]
            (rising edge-triggered flip-flop clocked by clk)
  Path Group: clk
  Path Type: max

  Point                                    Incr       Path
  -----------------------------------------------------------
  clock clk (rise edge)                    0.00       0.00
  clock network delay (ideal)              0.00       0.00
  input external delay                     0.20       0.20 r
  test_mode_en (in)                        0.00       0.20 r
  U2319/ZN (NAND2_X1)                      0.06       0.26 f
  U2320/ZN (NOR2_X2)                       0.17       0.43 r
  U1992/Z (BUF_X4)                         0.17       0.60 r
  U2003/Z (BUF_X1)                         0.17       0.78 r
  U2325/Z (BUF_X2)                         0.17       0.94 r
  U2799/ZN (AOI22_X1)                      0.02       0.96 f
  U2800/ZN (OAI21_X1)                      0.03       0.99 r
  test_codeword_reg[67]/D (DFFR_X1)        0.00       0.99 r
  data arrival time                                   0.99

  clock clk (rise edge)                    2.00       2.00
  clock network delay (ideal)              0.00       2.00
  test_codeword_reg[67]/CK (DFFR_X1)       0.00       2.00 r
  library setup time                      -0.04       1.96
  data required time                                  1.96
  -----------------------------------------------------------
  data required time                                  1.96
  data arrival time                                  -0.99
  -----------------------------------------------------------
  slack (MET)                                         0.97


1
